Oct 29 19:26:02 ubuntu sshd[825]: Server listening on 0.0.0.0 port 22.
Oct 29 19:26:02 ubuntu sshd[825]: Server listening on :: port 22.
Oct 29 19:26:05 ubuntu sshd[963]: Did not receive identification string from 10.0.2.2
Oct 29 19:26:05 ubuntu sshd[962]: Accepted password for vagrant from 10.0.2.2 port 54757 ssh2
Oct 29 19:26:05 ubuntu sshd[962]: pam_unix(sshd:session): session opened for user vagrant by (uid=0)
Oct 29 19:26:07 ubuntu sudo:  vagrant : TTY=unknown ; PWD=/home/vagrant ; USER=root ; COMMAND=/bin/bash -s -- -v 13.8.5
Oct 29 19:26:07 ubuntu sudo: pam_unix(sudo:session): session opened for user root by (uid=0)
Oct 29 19:26:19 ubuntu sudo: pam_unix(sudo:session): session closed for user root
Oct 29 19:26:19 ubuntu sudo:  vagrant : TTY=unknown ; PWD=/home/vagrant ; USER=root ; COMMAND=/bin/mkdir -p /tmp/packer-chef-solo
Oct 29 19:26:19 ubuntu sudo: pam_unix(sudo:session): session opened for user root by (uid=0)
Oct 29 19:26:19 ubuntu sudo: pam_unix(sudo:session): session closed for user root
Oct 29 19:26:19 ubuntu sudo:  vagrant : TTY=unknown ; PWD=/home/vagrant ; USER=root ; COMMAND=/bin/chmod 0777 /tmp/packer-chef-solo
Oct 29 19:26:19 ubuntu sudo: pam_unix(sudo:session): session opened for user root by (uid=0)
Oct 29 19:26:19 ubuntu sudo: pam_unix(sudo:session): session closed for user root
Oct 29 19:26:19 ubuntu sudo:  vagrant : TTY=unknown ; PWD=/home/vagrant ; USER=root ; COMMAND=/bin/mkdir -p /tmp/packer-chef-solo/cookbooks-0
Oct 29 19:26:19 ubuntu sudo: pam_unix(sudo:session): session opened for user root by (uid=0)
Oct 29 19:26:19 ubuntu sudo: pam_unix(sudo:session): session closed for user root
Oct 29 19:26:19 ubuntu sudo:  vagrant : TTY=unknown ; PWD=/home/vagrant ; USER=root ; COMMAND=/bin/chmod 0777 /tmp/packer-chef-solo/cookbooks-0
Oct 29 19:26:19 ubuntu sudo: pam_unix(sudo:session): session opened for user root by (uid=0)
Oct 29 19:26:19 ubuntu sudo: pam_unix(sudo:session): session closed for user root
Oct 29 19:26:20 ubuntu sudo:  vagrant : TTY=unknown ; PWD=/home/vagrant ; USER=root ; COMMAND=/usr/bin/chef-solo --no-color -c /tmp/packer-chef-solo/solo.rb -j /tmp/packer-chef-solo/node.json
Oct 29 19:26:20 ubuntu sudo: pam_unix(sudo:session): session opened for user root by (uid=0)
Oct 29 19:26:37 ubuntu groupadd[1834]: group added to /etc/group: name=dirmngr, GID=111
Oct 29 19:26:37 ubuntu groupadd[1834]: group added to /etc/gshadow: name=dirmngr
Oct 29 19:26:37 ubuntu groupadd[1834]: new group: name=dirmngr, GID=111
Oct 29 19:26:37 ubuntu useradd[1839]: new user: name=dirmngr, UID=105, GID=111, home=/var/cache/dirmngr, shell=/bin/sh
Oct 29 19:26:37 ubuntu usermod[1844]: change user 'dirmngr' password
Oct 29 19:26:37 ubuntu chage[1849]: changed password expiry for dirmngr
Oct 29 19:26:37 ubuntu su[1879]: Successful su for dirmngr by root
Oct 29 19:26:37 ubuntu su[1879]: + ??? root:dirmngr
Oct 29 19:26:37 ubuntu su[1879]: pam_unix(su:session): session opened for user dirmngr by (uid=0)
Oct 29 19:26:37 ubuntu su[1879]: pam_unix(su:session): session closed for user dirmngr
Oct 29 19:26:38 ubuntu useradd[1894]: new user: name=leia_organa, UID=1111, GID=100, home=/home/leia_organa, shell=/bin/bash
Oct 29 19:26:38 ubuntu useradd[1901]: new user: name=luke_skywalker, UID=1112, GID=100, home=/home/luke_skywalker, shell=/bin/bash
Oct 29 19:26:38 ubuntu useradd[1908]: new user: name=han_solo, UID=1113, GID=100, home=/home/han_solo, shell=/bin/bash
Oct 29 19:26:38 ubuntu useradd[1915]: new user: name=artoo_detoo, UID=1114, GID=100, home=/home/artoo_detoo, shell=/bin/bash
Oct 29 19:26:38 ubuntu useradd[1922]: new user: name=c_three_pio, UID=1115, GID=100, home=/home/c_three_pio, shell=/bin/bash
Oct 29 19:26:38 ubuntu useradd[1929]: new user: name=ben_kenobi, UID=1116, GID=100, home=/home/ben_kenobi, shell=/bin/bash
Oct 29 19:26:38 ubuntu useradd[1936]: new user: name=darth_vader, UID=1117, GID=100, home=/home/darth_vader, shell=/bin/bash
Oct 29 19:26:38 ubuntu useradd[1943]: new user: name=anakin_skywalker, UID=1118, GID=100, home=/home/anakin_skywalker, shell=/bin/bash
Oct 29 19:26:38 ubuntu useradd[1950]: new user: name=jarjar_binks, UID=1119, GID=100, home=/home/jarjar_binks, shell=/bin/bash
Oct 29 19:26:38 ubuntu useradd[1957]: new user: name=lando_calrissian, UID=1120, GID=100, home=/home/lando_calrissian, shell=/bin/bash
Oct 29 19:26:38 ubuntu useradd[1964]: new user: name=boba_fett, UID=1121, GID=100, home=/home/boba_fett, shell=/bin/bash
Oct 29 19:26:38 ubuntu useradd[1971]: new user: name=jabba_hutt, UID=1122, GID=100, home=/home/jabba_hutt, shell=/bin/bash
Oct 29 19:26:38 ubuntu useradd[1978]: new user: name=greedo, UID=1123, GID=100, home=/home/greedo, shell=/bin/bash
Oct 29 19:26:39 ubuntu useradd[1985]: new user: name=chewbacca, UID=1124, GID=100, home=/home/chewbacca, shell=/bin/bash
Oct 29 19:26:39 ubuntu useradd[1992]: new user: name=kylo_ren, UID=1125, GID=100, home=/home/kylo_ren, shell=/bin/bash
Oct 29 19:26:39 ubuntu groupmod[1999]: group changed in /etc/group (group sudo/27)
Oct 29 19:26:39 ubuntu gpasswd[2005]: user leia_organa added by root to group sudo
Oct 29 19:26:39 ubuntu gpasswd[2011]: user luke_skywalker added by root to group sudo
Oct 29 19:26:39 ubuntu gpasswd[2017]: user han_solo added by root to group sudo
Oct 29 19:26:52 ubuntu groupadd[5181]: group added to /etc/group: name=mysql, GID=112
Oct 29 19:26:52 ubuntu groupadd[5181]: group added to /etc/gshadow: name=mysql
Oct 29 19:26:52 ubuntu groupadd[5181]: new group: name=mysql, GID=112
Oct 29 19:26:52 ubuntu useradd[5187]: new user: name=mysql, UID=106, GID=112, home=/nonexistent, shell=/bin/false
Oct 29 19:26:52 ubuntu chage[5192]: changed password expiry for mysql
Oct 29 19:26:52 ubuntu chfn[5195]: changed user 'mysql' information
Oct 29 19:28:06 ubuntu groupadd[18381]: group added to /etc/group: name=ssl-cert, GID=113
Oct 29 19:28:06 ubuntu groupadd[18381]: group added to /etc/gshadow: name=ssl-cert
Oct 29 19:28:06 ubuntu groupadd[18381]: new group: name=ssl-cert, GID=113
Oct 29 19:34:37 ubuntu groupadd[4798]: group added to /etc/group: name=docker, GID=999
Oct 29 19:34:37 ubuntu groupadd[4798]: group added to /etc/gshadow: name=docker
Oct 29 19:34:37 ubuntu groupadd[4798]: new group: name=docker, GID=999
Oct 29 19:34:43 ubuntu groupmod[5515]: group changed in /etc/group (group docker/999)
Oct 29 19:34:43 ubuntu gpasswd[5521]: user boba_fett added by root to group docker
Oct 29 19:34:43 ubuntu gpasswd[5527]: user jabba_hutt added by root to group docker
Oct 29 19:34:43 ubuntu gpasswd[5533]: user greedo added by root to group docker
Oct 29 19:34:43 ubuntu gpasswd[5539]: user chewbacca added by root to group docker
Oct 29 19:37:01 ubuntu sudo:     root : TTY=unknown ; PWD=/ ; USER=boba_fett ; COMMAND=/opt/unrealircd/Unreal3.2/unreal start
Oct 29 19:37:01 ubuntu sudo: pam_unix(sudo:session): session opened for user boba_fett by (uid=0)
Oct 29 19:37:02 ubuntu sudo: pam_unix(sudo:session): session closed for user boba_fett
Oct 29 19:37:02 ubuntu sudo:     root : TTY=unknown ; PWD=/ ; USER=root ; COMMAND=/bin/bash -
Oct 29 19:37:02 ubuntu sudo: pam_unix(sudo:session): session opened for user root by (uid=0)
Oct 29 19:37:40 ubuntu sudo: pam_unix(sudo:session): session closed for user root
Oct 29 19:37:54 ubuntu sudo:     root : TTY=unknown ; PWD=/ ; USER=chewbacca ; COMMAND=/opt/readme_app/start.sh
Oct 29 19:37:54 ubuntu sudo: pam_unix(sudo:session): session opened for user chewbacca by (uid=0)
Oct 29 19:38:15 ubuntu groupadd[18086]: group added to /etc/group: name=avahi, GID=114
Oct 29 19:38:15 ubuntu groupadd[18086]: group added to /etc/gshadow: name=avahi
Oct 29 19:38:15 ubuntu groupadd[18086]: new group: name=avahi, GID=114
Oct 29 19:38:15 ubuntu useradd[18090]: new user: name=avahi, UID=107, GID=114, home=/var/run/avahi-daemon, shell=/bin/false
Oct 29 19:38:15 ubuntu usermod[18095]: change user 'avahi' password
Oct 29 19:38:15 ubuntu chage[18100]: changed password expiry for avahi
Oct 29 19:38:15 ubuntu chfn[18103]: changed user 'avahi' information
Oct 29 19:38:16 ubuntu groupadd[18265]: group added to /etc/group: name=scanner, GID=115
Oct 29 19:38:16 ubuntu groupadd[18265]: group added to /etc/gshadow: name=scanner
Oct 29 19:38:16 ubuntu groupadd[18265]: new group: name=scanner, GID=115
Oct 29 19:38:16 ubuntu groupadd[18325]: group added to /etc/group: name=colord, GID=116
Oct 29 19:38:16 ubuntu groupadd[18325]: group added to /etc/gshadow: name=colord
Oct 29 19:38:16 ubuntu groupadd[18325]: new group: name=colord, GID=116
Oct 29 19:38:16 ubuntu useradd[18331]: new user: name=colord, UID=108, GID=116, home=/var/lib/colord, shell=/bin/false
Oct 29 19:38:16 ubuntu usermod[18336]: change user 'colord' password
Oct 29 19:38:16 ubuntu chage[18341]: changed password expiry for colord
Oct 29 19:38:16 ubuntu chfn[18344]: changed user 'colord' information
Oct 29 19:39:03 ubuntu sudo: pam_unix(sudo:session): session closed for user root
Oct 29 19:39:04 ubuntu sudo:  vagrant : TTY=unknown ; PWD=/home/vagrant ; USER=root ; COMMAND=/sbin/shutdown -P now
Oct 29 19:39:04 ubuntu sudo: pam_unix(sudo:session): session opened for user root by (uid=0)
Jan  8 10:03:29 ubuntu sudo:     root : TTY=unknown ; PWD=/ ; USER=chewbacca ; COMMAND=/opt/readme_app/start.sh
Jan  8 10:03:29 ubuntu sudo: pam_unix(sudo:session): session opened for user chewbacca by (uid=0)
Jan  8 10:03:30 ubuntu sshd[1210]: Server listening on 0.0.0.0 port 22.
Jan  8 10:03:30 ubuntu sshd[1210]: Server listening on :: port 22.
Jan  8 10:03:30 ubuntu su[1242]: Successful su for dirmngr by root
Jan  8 10:03:30 ubuntu su[1242]: + /dev/console root:dirmngr
Jan  8 10:03:30 ubuntu su[1242]: pam_unix(su:session): session opened for user dirmngr by (uid=0)
Jan  8 10:03:30 ubuntu su[1242]: pam_unix(su:session): session closed for user dirmngr
Jan  8 10:03:30 ubuntu sudo:     root : TTY=unknown ; PWD=/ ; USER=boba_fett ; COMMAND=/opt/unrealircd/Unreal3.2/unreal start
Jan  8 10:03:30 ubuntu sudo: pam_unix(sudo:session): session opened for user boba_fett by (uid=0)
Jan  8 10:03:31 ubuntu sudo: pam_unix(sudo:session): session closed for user boba_fett
Jan  8 10:03:35 ubuntu sshd[1814]: Accepted password for vagrant from 10.0.2.2 port 61112 ssh2
Jan  8 10:03:35 ubuntu sshd[1814]: pam_unix(sshd:session): session opened for user vagrant by (uid=0)
Jan  8 10:03:46 ubuntu sshd[1814]: pam_unix(sshd:session): session closed for user vagrant
Jan  8 10:03:46 ubuntu sshd[1984]: Accepted publickey for vagrant from 10.0.2.2 port 61116 ssh2: RSA 09:cd:9c:52:fc:0a:93:12:21:48:59:c1:b3:71:8b:bb
Jan  8 10:03:46 ubuntu sshd[1984]: pam_unix(sshd:session): session opened for user vagrant by (uid=0)
Jan  8 10:03:47 ubuntu sudo:  vagrant : TTY=unknown ; PWD=/home/vagrant ; USER=root ; COMMAND=/bin/bash -l
Jan  8 10:03:47 ubuntu sudo: pam_unix(sudo:session): session opened for user root by (uid=0)
Jan  8 10:03:47 ubuntu sudo: pam_unix(sudo:session): session closed for user root
Jan  8 10:03:47 ubuntu sudo:  vagrant : TTY=unknown ; PWD=/home/vagrant ; USER=root ; COMMAND=/bin/bash -l
Jan  8 10:03:47 ubuntu sudo: pam_unix(sudo:session): session opened for user root by (uid=0)
Jan  8 10:03:47 ubuntu sudo: pam_unix(sudo:session): session closed for user root
Jan  8 10:03:47 ubuntu sudo:  vagrant : TTY=unknown ; PWD=/home/vagrant ; USER=root ; COMMAND=/bin/bash -l
Jan  8 10:03:47 ubuntu sudo: pam_unix(sudo:session): session opened for user root by (uid=0)
Jan  8 10:03:47 ubuntu sudo: pam_unix(sudo:session): session closed for user root
Jan  8 10:03:47 ubuntu sudo:  vagrant : TTY=unknown ; PWD=/home/vagrant ; USER=root ; COMMAND=/bin/bash -l
Jan  8 10:03:47 ubuntu sudo: pam_unix(sudo:session): session opened for user root by (uid=0)
Jan  8 10:03:47 ubuntu sudo: pam_unix(sudo:session): session closed for user root
Jan  8 10:03:47 ubuntu sudo:  vagrant : TTY=unknown ; PWD=/home/vagrant ; USER=root ; COMMAND=/bin/bash -l
Jan  8 10:03:47 ubuntu sudo: pam_unix(sudo:session): session opened for user root by (uid=0)
Jan  8 10:03:47 ubuntu sudo: pam_unix(sudo:session): session closed for user root
Jan  8 10:03:47 ubuntu sudo:  vagrant : TTY=unknown ; PWD=/home/vagrant ; USER=root ; COMMAND=/bin/bash -l
Jan  8 10:03:47 ubuntu sudo: pam_unix(sudo:session): session opened for user root by (uid=0)
Jan  8 10:03:47 ubuntu sudo: pam_unix(sudo:session): session closed for user root
Jan  8 10:03:47 ubuntu sudo:  vagrant : TTY=unknown ; PWD=/home/vagrant ; USER=root ; COMMAND=/bin/bash -l
Jan  8 10:03:47 ubuntu sudo: pam_unix(sudo:session): session opened for user root by (uid=0)
Jan  8 10:03:47 ubuntu sudo: pam_unix(sudo:session): session closed for user root
Jan  8 10:03:47 ubuntu sudo:  vagrant : TTY=unknown ; PWD=/home/vagrant ; USER=root ; COMMAND=/bin/bash -l
Jan  8 10:03:47 ubuntu sudo: pam_unix(sudo:session): session opened for user root by (uid=0)
Jan  8 10:03:47 ubuntu sudo: pam_unix(sudo:session): session closed for user root
Jan  8 10:03:48 ubuntu sudo:  vagrant : TTY=unknown ; PWD=/home/vagrant ; USER=root ; COMMAND=/bin/bash -l
Jan  8 10:03:48 ubuntu sudo: pam_unix(sudo:session): session opened for user root by (uid=0)
Jan  8 10:03:54 ubuntu sshd[1210]: Received signal 15; terminating.
Jan  8 10:03:54 ubuntu sshd[2380]: Server listening on 0.0.0.0 port 22.
Jan  8 10:03:54 ubuntu sshd[2380]: Server listening on :: port 22.
Jan  8 10:03:54 ubuntu sudo: pam_unix(sudo:session): session closed for user root
Jan  8 10:03:54 ubuntu sudo:  vagrant : TTY=unknown ; PWD=/home/vagrant ; USER=root ; COMMAND=/bin/bash -l
Jan  8 10:03:54 ubuntu sudo: pam_unix(sudo:session): session opened for user root by (uid=0)
Jan  8 10:03:54 ubuntu sudo: pam_unix(sudo:session): session closed for user root
Jan  8 10:03:54 ubuntu sudo:  vagrant : TTY=unknown ; PWD=/home/vagrant ; USER=root ; COMMAND=/bin/bash -l
Jan  8 10:03:54 ubuntu sudo: pam_unix(sudo:session): session opened for user root by (uid=0)
Jan  8 10:03:54 ubuntu sudo: pam_unix(sudo:session): session closed for user root
Jan  8 10:03:54 ubuntu sudo:  vagrant : TTY=unknown ; PWD=/home/vagrant ; USER=root ; COMMAND=/bin/bash -l
Jan  8 10:03:54 ubuntu sudo: pam_unix(sudo:session): session opened for user root by (uid=0)
Jan  8 10:03:54 ubuntu sudo: pam_unix(sudo:session): session closed for user root
Jan  8 10:03:55 ubuntu sudo:  vagrant : TTY=unknown ; PWD=/home/vagrant ; USER=root ; COMMAND=/bin/bash -l
Jan  8 10:03:55 ubuntu sudo: pam_unix(sudo:session): session opened for user root by (uid=0)
Jan  8 10:03:55 ubuntu sudo: pam_unix(sudo:session): session closed for user root
Jan  8 10:03:55 ubuntu sudo:  vagrant : TTY=unknown ; PWD=/home/vagrant ; USER=root ; COMMAND=/bin/bash -l
Jan  8 10:03:55 ubuntu sudo: pam_unix(sudo:session): session opened for user root by (uid=0)
Jan  8 10:03:55 ubuntu sudo: pam_unix(sudo:session): session closed for user root
Jan  8 10:03:55 ubuntu sudo:  vagrant : TTY=unknown ; PWD=/home/vagrant ; USER=root ; COMMAND=/bin/bash -l
Jan  8 10:03:55 ubuntu sudo: pam_unix(sudo:session): session opened for user root by (uid=0)
Jan  8 10:03:55 ubuntu sudo: pam_unix(sudo:session): session closed for user root
Jan  8 10:03:55 ubuntu sudo:  vagrant : TTY=unknown ; PWD=/home/vagrant ; USER=root ; COMMAND=/bin/bash -l
Jan  8 10:03:55 ubuntu sudo: pam_unix(sudo:session): session opened for user root by (uid=0)
Jan  8 10:03:55 ubuntu sudo: pam_unix(sudo:session): session closed for user root
Jan  8 10:03:55 ubuntu sudo:  vagrant : TTY=unknown ; PWD=/home/vagrant ; USER=root ; COMMAND=/bin/bash -l
Jan  8 10:03:55 ubuntu sudo: pam_unix(sudo:session): session opened for user root by (uid=0)
Jan  8 10:03:55 ubuntu sudo: pam_unix(sudo:session): session closed for user root
Jan  8 10:03:55 ubuntu sudo:  vagrant : TTY=unknown ; PWD=/home/vagrant ; USER=root ; COMMAND=/bin/bash -l
Jan  8 10:03:55 ubuntu sudo: pam_unix(sudo:session): session opened for user root by (uid=0)
Jan  8 10:03:55 ubuntu sshd[2380]: Received signal 15; terminating.
Jan  8 10:03:55 ubuntu sshd[2582]: Server listening on 0.0.0.0 port 22.
Jan  8 10:03:55 ubuntu sshd[2582]: Server listening on :: port 22.
Jan  8 10:03:55 ubuntu sudo: pam_unix(sudo:session): session closed for user root
Jan  8 10:03:56 ubuntu sudo:  vagrant : TTY=unknown ; PWD=/home/vagrant ; USER=root ; COMMAND=/bin/bash -l
Jan  8 10:03:56 ubuntu sudo: pam_unix(sudo:session): session opened for user root by (uid=0)
Jan  8 10:03:56 ubuntu sudo: pam_unix(sudo:session): session closed for user root
Jan  8 10:03:56 ubuntu sudo:  vagrant : TTY=unknown ; PWD=/home/vagrant ; USER=root ; COMMAND=/bin/bash -l
Jan  8 10:03:56 ubuntu sudo: pam_unix(sudo:session): session opened for user root by (uid=0)
Jan  8 10:03:56 ubuntu sudo: pam_unix(sudo:session): session closed for user root
Jan  8 10:03:57 ubuntu sshd[1961]: fatal: Read from socket failed: Connection reset by peer [preauth]
Jan  8 10:11:14 ubuntu sshd[1984]: pam_unix(sshd:session): session closed for user vagrant
Jan  8 10:15:48 metasploitable3-ub1404 sudo:     root : TTY=unknown ; PWD=/ ; USER=chewbacca ; COMMAND=/opt/readme_app/start.sh
Jan  8 10:15:48 metasploitable3-ub1404 sudo: pam_unix(sudo:session): session opened for user chewbacca by (uid=0)
Jan  8 10:15:48 metasploitable3-ub1404 sshd[1340]: Server listening on 0.0.0.0 port 22.
Jan  8 10:15:48 metasploitable3-ub1404 sshd[1340]: Server listening on :: port 22.
Jan  8 10:15:48 metasploitable3-ub1404 su[1407]: Successful su for dirmngr by root
Jan  8 10:15:48 metasploitable3-ub1404 su[1407]: + /dev/console root:dirmngr
Jan  8 10:15:48 metasploitable3-ub1404 su[1407]: pam_unix(su:session): session opened for user dirmngr by (uid=0)
Jan  8 10:15:48 metasploitable3-ub1404 su[1407]: pam_unix(su:session): session closed for user dirmngr
Jan  8 10:15:48 metasploitable3-ub1404 sudo:     root : TTY=unknown ; PWD=/ ; USER=boba_fett ; COMMAND=/opt/unrealircd/Unreal3.2/unreal start
Jan  8 10:15:48 metasploitable3-ub1404 sudo: pam_unix(sudo:session): session opened for user boba_fett by (uid=0)
Jan  8 10:15:49 metasploitable3-ub1404 sudo: pam_unix(sudo:session): session closed for user boba_fett
Jan  8 10:16:15 metasploitable3-ub1404 login[1860]: pam_unix(login:session): session opened for user vagrant by LOGIN(uid=0)
Jan  8 10:17:01 metasploitable3-ub1404 CRON[2019]: pam_unix(cron:session): session opened for user root by (uid=0)
Jan  8 10:17:01 metasploitable3-ub1404 CRON[2019]: pam_unix(cron:session): session closed for user root
Jan  8 10:17:11 metasploitable3-ub1404 sudo:  vagrant : TTY=tty1 ; PWD=/home/vagrant ; USER=root ; COMMAND=/usr/bin/apt update
Jan  8 10:17:11 metasploitable3-ub1404 sudo: pam_unix(sudo:session): session opened for user root by vagrant(uid=0)
Jan  8 10:17:25 metasploitable3-ub1404 sudo: pam_unix(sudo:session): session closed for user root
Jan  8 10:17:41 metasploitable3-ub1404 sudo:  vagrant : TTY=tty1 ; PWD=/home/vagrant ; USER=root ; COMMAND=/usr/bin/apt upgrade
Jan  8 10:17:41 metasploitable3-ub1404 sudo: pam_unix(sudo:session): session opened for user root by vagrant(uid=0)
Jan  8 10:21:26 metasploitable3-ub1404 systemd-logind[15441]: New seat seat0.
Jan  8 10:21:26 metasploitable3-ub1404 systemd-logind[15441]: Watching system buttons on /dev/input/event0 (Power Button)
Jan  8 10:21:26 metasploitable3-ub1404 systemd-logind[15441]: Watching system buttons on /dev/input/event1 (Sleep Button)
Jan  8 10:21:26 metasploitable3-ub1404 systemd-logind[15441]: Watching system buttons on /dev/input/event3 (Video Bus)
Jan  8 10:21:26 metasploitable3-ub1404 systemd-logind[15441]: New session c2 of user vagrant.
Jan  8 10:21:26 metasploitable3-ub1404 systemd-logind[15441]: New session c1 of user dirmngr.
Jan  8 10:21:44 metasploitable3-ub1404 sudo: pam_unix(sudo:session): session closed for user root
Jan  8 10:23:45 metasploitable3-ub1404 sudo:  vagrant : TTY=tty1 ; PWD=/home/vagrant ; USER=root ; COMMAND=/usr/bin/apt upgrade
Jan  8 10:23:45 metasploitable3-ub1404 sudo: pam_unix(sudo:session): session opened for user root by vagrant(uid=0)
Jan  8 10:24:13 metasploitable3-ub1404 sudo: pam_unix(sudo:session): session closed for user root
Jan  8 10:24:40 metasploitable3-ub1404 sudo:  vagrant : TTY=tty1 ; PWD=/home/vagrant ; USER=root ; COMMAND=/usr/bin/apt update
Jan  8 10:24:40 metasploitable3-ub1404 sudo: pam_unix(sudo:session): session opened for user root by vagrant(uid=0)
Jan  8 10:24:49 metasploitable3-ub1404 sudo: pam_unix(sudo:session): session closed for user root
Jan  8 10:24:53 metasploitable3-ub1404 sudo:  vagrant : TTY=tty1 ; PWD=/home/vagrant ; USER=root ; COMMAND=/usr/bin/apt upgrade
Jan  8 10:24:53 metasploitable3-ub1404 sudo: pam_unix(sudo:session): session opened for user root by vagrant(uid=0)
Jan  8 10:24:54 metasploitable3-ub1404 sudo: pam_unix(sudo:session): session closed for user root
Jan  8 10:27:08 metasploitable3-ub1404 sudo:  vagrant : TTY=tty1 ; PWD=/home/vagrant ; USER=root ; COMMAND=/usr/bin/ua status
Jan  8 10:27:08 metasploitable3-ub1404 sudo: pam_unix(sudo:session): session opened for user root by vagrant(uid=0)
Jan  8 10:27:09 metasploitable3-ub1404 sudo: pam_unix(sudo:session): session closed for user root
Jan  8 10:29:22 metasploitable3-ub1404 sudo:  vagrant : TTY=tty1 ; PWD=/home/vagrant ; USER=root ; COMMAND=/sbin/shutdown -h now
Jan  8 10:29:22 metasploitable3-ub1404 sudo: pam_unix(sudo:session): session opened for user root by vagrant(uid=0)
Jan  8 10:29:22 metasploitable3-ub1404 sudo: pam_unix(sudo:session): session closed for user root
Jan  8 11:04:33 metasploitable3-ub1404 sudo:     root : TTY=unknown ; PWD=/ ; USER=chewbacca ; COMMAND=/opt/readme_app/start.sh
Jan  8 11:04:33 metasploitable3-ub1404 sudo: pam_unix(sudo:session): session opened for user chewbacca by (uid=0)
Jan  8 11:04:33 metasploitable3-ub1404 sshd[1457]: Server listening on 0.0.0.0 port 22.
Jan  8 11:04:33 metasploitable3-ub1404 sshd[1457]: Server listening on :: port 22.
Jan  8 11:04:33 metasploitable3-ub1404 su[1537]: Successful su for dirmngr by root
Jan  8 11:04:33 metasploitable3-ub1404 su[1537]: + /dev/console root:dirmngr
Jan  8 11:04:33 metasploitable3-ub1404 su[1537]: pam_unix(su:session): session opened for user dirmngr by (uid=0)
Jan  8 11:04:34 metasploitable3-ub1404 su[1537]: pam_unix(su:session): session closed for user dirmngr
Jan  8 11:04:34 metasploitable3-ub1404 sudo:     root : TTY=unknown ; PWD=/ ; USER=boba_fett ; COMMAND=/opt/unrealircd/Unreal3.2/unreal start
Jan  8 11:04:34 metasploitable3-ub1404 sudo: pam_unix(sudo:session): session opened for user boba_fett by (uid=0)
Jan  8 11:04:35 metasploitable3-ub1404 sudo: pam_unix(sudo:session): session closed for user boba_fett
Jan  8 11:04:55 metasploitable3-ub1404 login[1839]: pam_unix(login:session): session opened for user vagrant by LOGIN(uid=0)
Jan  8 11:05:11 metasploitable3-ub1404 sudo:  vagrant : TTY=tty1 ; PWD=/home/vagrant ; USER=root ; COMMAND=/sbin/shutdown -h now
Jan  8 11:05:11 metasploitable3-ub1404 sudo: pam_unix(sudo:session): session opened for user root by vagrant(uid=0)
Apr 17 17:26:05 metasploitable3-ub1404 sudo:     root : TTY=unknown ; PWD=/ ; USER=chewbacca ; COMMAND=/opt/readme_app/start.sh
Apr 17 17:26:06 metasploitable3-ub1404 sudo: pam_unix(sudo:session): session opened for user chewbacca by (uid=0)
Apr 17 17:26:10 metasploitable3-ub1404 sshd[1533]: Server listening on 0.0.0.0 port 22.
Apr 17 17:26:10 metasploitable3-ub1404 sshd[1533]: Server listening on :: port 22.
Apr 17 17:26:15 metasploitable3-ub1404 su[1643]: Successful su for dirmngr by root
Apr 17 17:26:15 metasploitable3-ub1404 su[1643]: + /dev/console root:dirmngr
Apr 17 17:26:15 metasploitable3-ub1404 su[1643]: pam_unix(su:session): session opened for user dirmngr by (uid=0)
Apr 17 17:26:16 metasploitable3-ub1404 su[1643]: pam_unix(su:session): session closed for user dirmngr
Apr 17 17:26:20 metasploitable3-ub1404 sudo:     root : TTY=unknown ; PWD=/ ; USER=boba_fett ; COMMAND=/opt/unrealircd/Unreal3.2/unreal start
Apr 17 17:26:20 metasploitable3-ub1404 sudo: pam_unix(sudo:session): session opened for user boba_fett by (uid=0)
Apr 17 17:26:22 metasploitable3-ub1404 sudo: pam_unix(sudo:session): session closed for user boba_fett
Apr 17 17:27:58 metasploitable3-ub1404 login[1918]: pam_unix(login:auth): check pass; user unknown
Apr 17 17:27:58 metasploitable3-ub1404 login[1918]: pam_unix(login:auth): authentication failure; logname=LOGIN uid=0 euid=0 tty=/dev/tty1 ruser= rhost= 
Apr 17 17:28:01 metasploitable3-ub1404 login[1918]: FAILED LOGIN (1) on '/dev/tty1' FOR 'UNKNOWN', Authentication failure
Apr 17 17:30:28 metasploitable3-ub1404 login[1959]: pam_unix(login:auth): check pass; user unknown
Apr 17 17:30:28 metasploitable3-ub1404 login[1959]: pam_unix(login:auth): authentication failure; logname=LOGIN uid=0 euid=0 tty=/dev/tty1 ruser= rhost= 
Apr 17 17:30:31 metasploitable3-ub1404 login[1959]: FAILED LOGIN (1) on '/dev/tty1' FOR 'UNKNOWN', Authentication failure
Apr 17 17:31:33 metasploitable3-ub1404 login[1978]: pam_unix(login:auth): check pass; user unknown
Apr 17 17:31:33 metasploitable3-ub1404 login[1978]: pam_unix(login:auth): authentication failure; logname=LOGIN uid=0 euid=0 tty=/dev/tty1 ruser= rhost= 
Apr 17 17:31:35 metasploitable3-ub1404 login[1978]: FAILED LOGIN (1) on '/dev/tty1' FOR 'UNKNOWN', Authentication failure
Apr 17 17:31:46 metasploitable3-ub1404 login[1978]: pam_unix(login:auth): check pass; user unknown
Apr 17 17:31:49 metasploitable3-ub1404 login[1978]: FAILED LOGIN (2) on '/dev/tty1' FOR 'UNKNOWN', Authentication failure
Apr 17 17:32:03 metasploitable3-ub1404 login[1978]: pam_unix(login:auth): check pass; user unknown
Apr 17 17:32:03 metasploitable3-ub1404 login[1978]: pam_unix(login:auth): authentication failure; logname=LOGIN uid=0 euid=0 tty=/dev/tty1 ruser= rhost= 
Apr 17 17:32:06 metasploitable3-ub1404 login[1978]: FAILED LOGIN (3) on '/dev/tty1' FOR 'UNKNOWN', Authentication failure
Apr 17 17:32:13 metasploitable3-ub1404 login[1978]: pam_unix(login:auth): check pass; user unknown
Apr 17 17:32:13 metasploitable3-ub1404 login[1978]: pam_unix(login:auth): authentication failure; logname=LOGIN uid=0 euid=0 tty=/dev/tty1 ruser= rhost= 
Apr 17 17:32:15 metasploitable3-ub1404 login[1978]: FAILED LOGIN (4) on '/dev/tty1' FOR 'UNKNOWN', Authentication failure
Apr 17 17:32:26 metasploitable3-ub1404 login[1978]: pam_unix(login:session): session opened for user vagrant by LOGIN(uid=0)
Apr 17 18:45:35 metasploitable3-ub1404 sudo:     root : TTY=unknown ; PWD=/ ; USER=chewbacca ; COMMAND=/opt/readme_app/start.sh
Apr 17 18:45:35 metasploitable3-ub1404 sudo: pam_unix(sudo:session): session opened for user chewbacca by (uid=0)
Apr 17 18:45:38 metasploitable3-ub1404 sshd[1461]: Server listening on 0.0.0.0 port 22.
Apr 17 18:45:38 metasploitable3-ub1404 sshd[1461]: Server listening on :: port 22.
Apr 17 18:45:42 metasploitable3-ub1404 su[1562]: Successful su for dirmngr by root
Apr 17 18:45:42 metasploitable3-ub1404 su[1562]: + /dev/console root:dirmngr
Apr 17 18:45:42 metasploitable3-ub1404 su[1562]: pam_unix(su:session): session opened for user dirmngr by (uid=0)
Apr 17 18:45:43 metasploitable3-ub1404 su[1562]: pam_unix(su:session): session closed for user dirmngr
Apr 17 18:45:45 metasploitable3-ub1404 sudo:     root : TTY=unknown ; PWD=/ ; USER=boba_fett ; COMMAND=/opt/unrealircd/Unreal3.2/unreal start
Apr 17 18:45:45 metasploitable3-ub1404 sudo: pam_unix(sudo:session): session opened for user boba_fett by (uid=0)
Apr 17 18:45:47 metasploitable3-ub1404 sudo: pam_unix(sudo:session): session closed for user boba_fett
Apr 17 18:47:20 metasploitable3-ub1404 login[1837]: pam_unix(login:session): session opened for user vagrant by LOGIN(uid=0)
Apr 17 18:50:42 metasploitable3-ub1404 sudo:  vagrant : TTY=tty1 ; PWD=/home/vagrant ; USER=root ; COMMAND=/sbin/ifconfig eth0 192.168.56.102 netmask 255.255.255.0 up
Apr 17 18:50:42 metasploitable3-ub1404 sudo: pam_unix(sudo:session): session opened for user root by vagrant(uid=0)
Apr 17 18:50:42 metasploitable3-ub1404 sudo: pam_unix(sudo:session): session closed for user root
Apr 17 18:55:28 metasploitable3-ub1404 sudo:  vagrant : TTY=tty1 ; PWD=/home/vagrant ; USER=root ; COMMAND=/sbin/ifconfig bridge100 create
Apr 17 18:55:28 metasploitable3-ub1404 sudo: pam_unix(sudo:session): session opened for user root by vagrant(uid=0)
Apr 17 18:55:28 metasploitable3-ub1404 sudo: pam_unix(sudo:session): session closed for user root
Apr 17 19:03:53 metasploitable3-ub1404 sudo:     root : TTY=unknown ; PWD=/ ; USER=chewbacca ; COMMAND=/opt/readme_app/start.sh
Apr 17 19:03:53 metasploitable3-ub1404 sudo: pam_unix(sudo:session): session opened for user chewbacca by (uid=0)
Apr 17 19:03:56 metasploitable3-ub1404 sshd[1402]: Server listening on 0.0.0.0 port 22.
Apr 17 19:03:56 metasploitable3-ub1404 sshd[1402]: Server listening on :: port 22.
Apr 17 19:04:00 metasploitable3-ub1404 su[1497]: Successful su for dirmngr by root
Apr 17 19:04:00 metasploitable3-ub1404 su[1497]: + /dev/console root:dirmngr
Apr 17 19:04:00 metasploitable3-ub1404 su[1497]: pam_unix(su:session): session opened for user dirmngr by (uid=0)
Apr 17 19:04:00 metasploitable3-ub1404 su[1497]: pam_unix(su:session): session closed for user dirmngr
Apr 17 19:04:03 metasploitable3-ub1404 sudo:     root : TTY=unknown ; PWD=/ ; USER=boba_fett ; COMMAND=/opt/unrealircd/Unreal3.2/unreal start
Apr 17 19:04:03 metasploitable3-ub1404 sudo: pam_unix(sudo:session): session opened for user boba_fett by (uid=0)
Apr 17 19:04:05 metasploitable3-ub1404 sudo: pam_unix(sudo:session): session closed for user boba_fett
Apr 17 19:05:04 metasploitable3-ub1404 sudo: pam_unix(sudo:session): session closed for user chewbacca
Apr 17 19:05:22 metasploitable3-ub1404 login[1787]: pam_unix(login:auth): check pass; user unknown
Apr 17 19:05:22 metasploitable3-ub1404 login[1787]: pam_unix(login:auth): authentication failure; logname=LOGIN uid=0 euid=0 tty=/dev/tty1 ruser= rhost= 
Apr 17 19:05:25 metasploitable3-ub1404 login[1787]: FAILED LOGIN (1) on '/dev/tty1' FOR 'UNKNOWN', Authentication failure
Apr 17 19:05:31 metasploitable3-ub1404 login[1787]: pam_unix(login:auth): authentication failure; logname=LOGIN uid=0 euid=0 tty=/dev/tty1 ruser= rhost=  user=vagrant
Apr 17 19:05:33 metasploitable3-ub1404 login[1787]: FAILED LOGIN (2) on '/dev/tty1' FOR 'vagrant', Authentication failure
Apr 17 19:05:39 metasploitable3-ub1404 login[1787]: pam_unix(login:auth): check pass; user unknown
Apr 17 19:05:39 metasploitable3-ub1404 login[1787]: pam_unix(login:auth): authentication failure; logname=LOGIN uid=0 euid=0 tty=/dev/tty1 ruser= rhost= 
Apr 17 19:05:43 metasploitable3-ub1404 login[1787]: FAILED LOGIN (3) on '/dev/tty1' FOR 'UNKNOWN', Authentication failure
Apr 17 19:05:47 metasploitable3-ub1404 login[1787]: pam_unix(login:auth): check pass; user unknown
Apr 17 19:05:50 metasploitable3-ub1404 login[1787]: FAILED LOGIN (4) on '/dev/tty1' FOR 'UNKNOWN', Authentication failure
Apr 17 19:06:01 metasploitable3-ub1404 login[1787]: FAILED LOGIN (5) on '/dev/tty1' FOR 'vagrant', Authentication failure
Apr 17 19:06:01 metasploitable3-ub1404 login[1787]: TOO MANY LOGIN TRIES (5) on '/dev/tty1' FOR 'vagrant'
Apr 17 19:06:01 metasploitable3-ub1404 login[1787]: pam_mail(login:session): pam_putenv: delete non-existent entry; MAIL
Apr 17 19:06:01 metasploitable3-ub1404 login[1787]: pam_unix(login:session): session closed for user vagrant
Apr 17 19:06:01 metasploitable3-ub1404 login[1787]: PAM 1 more authentication failure; logname=LOGIN uid=0 euid=0 tty=/dev/tty1 ruser= rhost= 
Apr 17 19:06:01 metasploitable3-ub1404 login[1787]: PAM 1 more authentication failure; logname=LOGIN uid=0 euid=0 tty=/dev/tty1 ruser= rhost=  user=vagrant
Apr 17 19:06:10 metasploitable3-ub1404 login[1840]: pam_unix(login:auth): check pass; user unknown
Apr 17 19:06:10 metasploitable3-ub1404 login[1840]: pam_unix(login:auth): authentication failure; logname=LOGIN uid=0 euid=0 tty=/dev/tty1 ruser= rhost= 
Apr 17 19:06:14 metasploitable3-ub1404 login[1840]: FAILED LOGIN (1) on '/dev/tty1' FOR 'UNKNOWN', Authentication failure
Apr 17 19:06:22 metasploitable3-ub1404 login[1840]: pam_unix(login:session): session opened for user vagrant by LOGIN(uid=0)
Apr 17 19:07:37 metasploitable3-ub1404 sudo:  vagrant : TTY=tty1 ; PWD=/home/vagrant ; USER=root ; COMMAND=/sbin/ifconfig eth0 192.168.56.102 netmask 255.255.255.0 up
Apr 17 19:07:37 metasploitable3-ub1404 sudo: pam_unix(sudo:session): session opened for user root by vagrant(uid=0)
Apr 17 19:07:37 metasploitable3-ub1404 sudo: pam_unix(sudo:session): session closed for user root
Apr 17 19:17:01 metasploitable3-ub1404 CRON[1904]: pam_unix(cron:session): session opened for user root by (uid=0)
Apr 17 19:17:01 metasploitable3-ub1404 CRON[1904]: pam_unix(cron:session): session closed for user root
Apr 17 19:35:47 metasploitable3-ub1404 sshd[1912]: Accepted password for vagrant from 192.168.56.101 port 38385 ssh2
Apr 17 19:35:47 metasploitable3-ub1404 sshd[1912]: pam_unix(sshd:session): session opened for user vagrant by (uid=0)
Apr 17 20:17:01 metasploitable3-ub1404 CRON[2004]: pam_unix(cron:session): session opened for user root by (uid=0)
Apr 17 20:17:01 metasploitable3-ub1404 CRON[2004]: pam_unix(cron:session): session closed for user root
Apr 17 20:25:44 metasploitable3-ub1404 sudo:  vagrant : TTY=tty1 ; PWD=/home/vagrant ; USER=root ; COMMAND=/usr/sbin/service ssh status
Apr 17 20:25:44 metasploitable3-ub1404 sudo: pam_unix(sudo:session): session opened for user root by vagrant(uid=0)
Apr 17 20:25:45 metasploitable3-ub1404 sudo: pam_unix(sudo:session): session closed for user root
Apr 17 20:26:12 metasploitable3-ub1404 sudo:  vagrant : TTY=tty1 ; PWD=/home/vagrant ; USER=root ; COMMAND=/usr/sbin/service ssh start
Apr 17 20:26:12 metasploitable3-ub1404 sudo: pam_unix(sudo:session): session opened for user root by vagrant(uid=0)
Apr 17 20:26:12 metasploitable3-ub1404 sudo: pam_unix(sudo:session): session closed for user root
Apr 17 20:26:56 metasploitable3-ub1404 sudo:  vagrant : TTY=tty1 ; PWD=/home/vagrant ; USER=root ; COMMAND=/sbin/ifconfig eth0 192.168.56.102 netmask 255.255.255.0 up
Apr 17 20:26:56 metasploitable3-ub1404 sudo: pam_unix(sudo:session): session opened for user root by vagrant(uid=0)
Apr 17 20:26:56 metasploitable3-ub1404 sudo: pam_unix(sudo:session): session closed for user root
Apr 17 20:27:08 metasploitable3-ub1404 sshd[2034]: Accepted password for vagrant from 192.168.56.101 port 39331 ssh2
Apr 17 20:27:08 metasploitable3-ub1404 sshd[2034]: pam_unix(sshd:session): session opened for user vagrant by (uid=0)
Apr 17 20:39:59 metasploitable3-ub1404 sshd[2034]: pam_unix(sshd:session): session closed for user vagrant
Apr 17 20:45:59 metasploitable3-ub1404 sshd[2149]: Accepted password for vagrant from 192.168.56.101 port 43457 ssh2
Apr 17 20:45:59 metasploitable3-ub1404 sshd[2149]: pam_unix(sshd:session): session opened for user vagrant by (uid=0)
Apr 17 20:50:13 metasploitable3-ub1404 sshd[2260]: Accepted password for vagrant from 192.168.56.101 port 48318 ssh2
Apr 17 20:50:13 metasploitable3-ub1404 sshd[2260]: pam_unix(sshd:session): session opened for user vagrant by (uid=0)
Apr 17 20:50:13 metasploitable3-ub1404 sshd[2279]: Received disconnect from 192.168.56.101: 11: disconnected by user
Apr 17 20:50:13 metasploitable3-ub1404 sshd[2260]: pam_unix(sshd:session): session closed for user vagrant
Apr 17 20:50:51 metasploitable3-ub1404 sudo:  vagrant : TTY=unknown ; PWD=/home/vagrant ; USER=root ; COMMAND=/usr/bin/apt update
Apr 17 20:50:51 metasploitable3-ub1404 sudo: pam_unix(sudo:session): session opened for user root by (uid=0)
Apr 17 20:51:20 metasploitable3-ub1404 sudo: pam_unix(sudo:session): session closed for user root
Apr 17 20:51:20 metasploitable3-ub1404 sudo:  vagrant : TTY=unknown ; PWD=/home/vagrant ; USER=root ; COMMAND=/usr/bin/apt install -y sshpass
Apr 17 20:51:20 metasploitable3-ub1404 sudo: pam_unix(sudo:session): session opened for user root by (uid=0)
Apr 17 20:51:24 metasploitable3-ub1404 sudo: pam_unix(sudo:session): session closed for user root
Apr 17 20:54:29 metasploitable3-ub1404 sshd[2405]: Accepted password for vagrant from 192.168.56.1 port 55075 ssh2
Apr 17 20:54:29 metasploitable3-ub1404 sshd[2405]: pam_unix(sshd:session): session opened for user vagrant by (uid=0)
Apr 17 20:54:30 metasploitable3-ub1404 sshd[2424]: Received disconnect from 192.168.56.1: 11: disconnected by user
Apr 17 20:54:30 metasploitable3-ub1404 sshd[2405]: pam_unix(sshd:session): session closed for user vagrant
Apr 17 20:58:49 metasploitable3-ub1404 sudo:  vagrant : TTY=tty1 ; PWD=/home/vagrant ; USER=root ; COMMAND=/usr/bin/dpkg -i sshpass_1.05-1_amd64.deb
Apr 17 20:58:49 metasploitable3-ub1404 sudo: pam_unix(sudo:session): session opened for user root by vagrant(uid=0)
Apr 17 20:58:56 metasploitable3-ub1404 sudo: pam_unix(sudo:session): session closed for user root
Apr 17 21:00:10 metasploitable3-ub1404 sshd[2734]: Accepted password for vagrant from 192.168.56.102 port 53972 ssh2
Apr 17 21:00:10 metasploitable3-ub1404 sshd[2734]: pam_unix(sshd:session): session opened for user vagrant by (uid=0)
Apr 17 21:00:11 metasploitable3-ub1404 sshd[2753]: Received disconnect from 192.168.56.102: 11: disconnected by user
Apr 17 21:00:11 metasploitable3-ub1404 sshd[2734]: pam_unix(sshd:session): session closed for user vagrant
Apr 17 21:17:02 metasploitable3-ub1404 CRON[2814]: pam_unix(cron:session): session opened for user root by (uid=0)
Apr 17 21:17:02 metasploitable3-ub1404 CRON[2814]: pam_unix(cron:session): session closed for user root
Apr 17 21:55:41 metasploitable3-ub1404 sudo:  vagrant : TTY=tty1 ; PWD=/home/vagrant ; USER=root ; COMMAND=/sbin/ifconfig eth0 192.168.56.102 netmask 255.255.255.0 up
Apr 17 21:55:41 metasploitable3-ub1404 sudo: pam_unix(sudo:session): session opened for user root by vagrant(uid=0)
Apr 17 21:55:41 metasploitable3-ub1404 sudo: pam_unix(sudo:session): session closed for user root
Apr 17 22:00:46 metasploitable3-ub1404 sshd[1912]: pam_unix(sshd:session): session closed for user vagrant
Apr 17 22:17:01 metasploitable3-ub1404 CRON[2917]: pam_unix(cron:session): session opened for user root by (uid=0)
Apr 17 22:17:01 metasploitable3-ub1404 CRON[2917]: pam_unix(cron:session): session closed for user root
Apr 17 23:11:35 metasploitable3-ub1404 sshd[2149]: pam_unix(sshd:session): session closed for user vagrant
Apr 17 23:17:02 metasploitable3-ub1404 CRON[2991]: pam_unix(cron:session): session opened for user root by (uid=0)
Apr 17 23:17:02 metasploitable3-ub1404 CRON[2991]: pam_unix(cron:session): session closed for user root
Apr 17 23:23:46 metasploitable3-ub1404 sudo:  vagrant : TTY=tty1 ; PWD=/home/vagrant ; USER=root ; COMMAND=/sbin/ifconfig eth0 192.168.56.102 netmask 255.255.255.0 up
Apr 17 23:23:46 metasploitable3-ub1404 sudo: pam_unix(sudo:session): session opened for user root by vagrant(uid=0)
Apr 17 23:23:46 metasploitable3-ub1404 sudo: pam_unix(sudo:session): session closed for user root
Apr 18 00:17:01 metasploitable3-ub1404 CRON[3053]: pam_unix(cron:session): session opened for user root by (uid=0)
Apr 18 00:17:01 metasploitable3-ub1404 CRON[3053]: pam_unix(cron:session): session closed for user root
Apr 18 01:17:01 metasploitable3-ub1404 CRON[3207]: pam_unix(cron:session): session opened for user root by (uid=0)
Apr 18 01:17:01 metasploitable3-ub1404 CRON[3207]: pam_unix(cron:session): session closed for user root
Apr 18 01:19:57 metasploitable3-ub1404 sudo:  vagrant : TTY=tty1 ; PWD=/home/vagrant ; USER=root ; COMMAND=/sbin/ifconfig eth0 192.168.56.102 netmask 255.255.255.0 up
Apr 18 01:19:57 metasploitable3-ub1404 sudo: pam_unix(sudo:session): session opened for user root by vagrant(uid=0)
Apr 18 01:19:58 metasploitable3-ub1404 sudo: pam_unix(sudo:session): session closed for user root
Apr 18 02:17:01 metasploitable3-ub1404 CRON[3310]: pam_unix(cron:session): session opened for user root by (uid=0)
Apr 18 02:17:01 metasploitable3-ub1404 CRON[3310]: pam_unix(cron:session): session closed for user root
Apr 18 03:17:01 metasploitable3-ub1404 CRON[3441]: pam_unix(cron:session): session opened for user root by (uid=0)
Apr 18 03:17:01 metasploitable3-ub1404 CRON[3441]: pam_unix(cron:session): session closed for user root
Apr 18 03:51:20 metasploitable3-ub1404 sudo:  vagrant : TTY=tty1 ; PWD=/home/vagrant ; USER=root ; COMMAND=/sbin/ifconfig eth0 192.168.56.102 netmask 255.255.255.0 up
Apr 18 03:51:20 metasploitable3-ub1404 sudo: pam_unix(sudo:session): session opened for user root by vagrant(uid=0)
Apr 18 03:51:21 metasploitable3-ub1404 sudo: pam_unix(sudo:session): session closed for user root
Apr 18 04:17:01 metasploitable3-ub1404 CRON[3501]: pam_unix(cron:session): session opened for user root by (uid=0)
Apr 18 04:17:01 metasploitable3-ub1404 CRON[3501]: pam_unix(cron:session): session closed for user root
Apr 18 05:17:01 metasploitable3-ub1404 CRON[3690]: pam_unix(cron:session): session opened for user root by (uid=0)
Apr 18 05:17:01 metasploitable3-ub1404 CRON[3690]: pam_unix(cron:session): session closed for user root
Apr 18 05:43:43 metasploitable3-ub1404 sudo:  vagrant : TTY=tty1 ; PWD=/home/vagrant ; USER=root ; COMMAND=/sbin/ifconfig eth0 192.168.56.102 netmask 255.255.255.0 up
Apr 18 05:43:43 metasploitable3-ub1404 sudo: pam_unix(sudo:session): session opened for user root by vagrant(uid=0)
Apr 18 05:43:43 metasploitable3-ub1404 sudo: pam_unix(sudo:session): session closed for user root
Apr 18 05:45:08 metasploitable3-ub1404 sudo:  vagrant : TTY=tty1 ; PWD=/home/vagrant ; USER=root ; COMMAND=/bin/cat /var/log/auth.log
Apr 18 05:45:08 metasploitable3-ub1404 sudo: pam_unix(sudo:session): session opened for user root by vagrant(uid=0)
Apr 18 05:45:08 metasploitable3-ub1404 sudo: pam_unix(sudo:session): session closed for user root
Apr 18 05:52:33 metasploitable3-ub1404 sudo:  vagrant : TTY=tty1 ; PWD=/home/vagrant ; USER=root ; COMMAND=/bin/cat /var/log/auth.log
Apr 18 05:52:33 metasploitable3-ub1404 sudo: pam_unix(sudo:session): session opened for user root by vagrant(uid=0)
Apr 18 05:52:33 metasploitable3-ub1404 sudo: pam_unix(sudo:session): session closed for user root
Apr 18 05:54:02 metasploitable3-ub1404 sudo:  vagrant : TTY=tty1 ; PWD=/home/vagrant ; USER=root ; COMMAND=/bin/cat /var/log/auth.log
Apr 18 05:54:02 metasploitable3-ub1404 sudo: pam_unix(sudo:session): session opened for user root by vagrant(uid=0)
Apr 18 05:54:02 metasploitable3-ub1404 sudo: pam_unix(sudo:session): session closed for user root
Apr 18 05:54:07 metasploitable3-ub1404 sudo:  vagrant : TTY=tty1 ; PWD=/home/vagrant ; USER=root ; COMMAND=/bin/cat /var/log/auth.log
Apr 18 05:54:07 metasploitable3-ub1404 sudo: pam_unix(sudo:session): session opened for user root by vagrant(uid=0)
Apr 18 05:54:07 metasploitable3-ub1404 sudo: pam_unix(sudo:session): session closed for user root
Apr 18 05:54:16 metasploitable3-ub1404 sudo:  vagrant : TTY=tty1 ; PWD=/home/vagrant ; USER=root ; COMMAND=/bin/cat /var/log/syslog
Apr 18 05:54:16 metasploitable3-ub1404 sudo: pam_unix(sudo:session): session opened for user root by vagrant(uid=0)
Apr 18 05:54:17 metasploitable3-ub1404 sudo: pam_unix(sudo:session): session closed for user root
Apr 18 05:54:24 metasploitable3-ub1404 sudo:  vagrant : TTY=tty1 ; PWD=/home/vagrant ; USER=root ; COMMAND=/bin/cat /var/log/kern.log
Apr 18 05:54:24 metasploitable3-ub1404 sudo: pam_unix(sudo:session): session opened for user root by vagrant(uid=0)
Apr 18 05:54:25 metasploitable3-ub1404 sudo: pam_unix(sudo:session): session closed for user root
Apr 18 05:54:35 metasploitable3-ub1404 sudo:  vagrant : TTY=tty1 ; PWD=/home/vagrant ; USER=root ; COMMAND=/bin/cat /var/log/corn.log
Apr 18 05:54:35 metasploitable3-ub1404 sudo: pam_unix(sudo:session): session opened for user root by vagrant(uid=0)
Apr 18 05:54:35 metasploitable3-ub1404 sudo: pam_unix(sudo:session): session closed for user root
Apr 18 05:54:47 metasploitable3-ub1404 sudo:  vagrant : TTY=tty1 ; PWD=/home/vagrant ; USER=root ; COMMAND=/bin/cat /var/log/cron.log
Apr 18 05:54:47 metasploitable3-ub1404 sudo: pam_unix(sudo:session): session opened for user root by vagrant(uid=0)
Apr 18 05:54:47 metasploitable3-ub1404 sudo: pam_unix(sudo:session): session closed for user root
                                                                                                                                                                                                                           Apr 18 18:03:37 metasploitable3-ub1404 sudo:     root : TTY=unknown ; PWD=/ ; USER=chewbacca ; COMMAND=/opt/readme_app/start.sh
Apr 18 18:03:37 metasploitable3-ub1404 sudo: pam_unix(sudo:session): session opened for user chewbacca by (uid=0)
Apr 18 18:03:40 metasploitable3-ub1404 sshd[1452]: Server listening on 0.0.0.0 port 22.
Apr 18 18:03:40 metasploitable3-ub1404 sshd[1452]: Server listening on :: port 22.
Apr 18 18:03:44 metasploitable3-ub1404 su[1554]: Successful su for dirmngr by root
Apr 18 18:03:44 metasploitable3-ub1404 su[1554]: + /dev/console root:dirmngr
Apr 18 18:03:44 metasploitable3-ub1404 su[1554]: pam_unix(su:session): session opened for user dirmngr by (uid=0)
Apr 18 18:03:45 metasploitable3-ub1404 su[1554]: pam_unix(su:session): session closed for user dirmngr
Apr 18 18:03:48 metasploitable3-ub1404 sudo:     root : TTY=unknown ; PWD=/ ; USER=boba_fett ; COMMAND=/opt/unrealircd/Unreal3.2/unreal start
Apr 18 18:03:48 metasploitable3-ub1404 sudo: pam_unix(sudo:session): session opened for user boba_fett by (uid=0)
Apr 18 18:03:50 metasploitable3-ub1404 sudo: pam_unix(sudo:session): session closed for user boba_fett
Apr 18 18:04:27 metasploitable3-ub1404 login[1838]: pam_unix(login:session): session opened for user vagrant by LOGIN(uid=0)
Apr 18 18:05:47 metasploitable3-ub1404 sudo:  vagrant : TTY=tty1 ; PWD=/home/vagrant ; USER=root ; COMMAND=/bin/cat /var/log/auth.log
Apr 18 18:05:47 metasploitable3-ub1404 sudo: pam_unix(sudo:session): session opened for user root by vagrant(uid=0)
Apr 18 18:06:11 metasploitable3-ub1404 sudo: pam_unix(sudo:session): session closed for user root
Apr 18 18:06:26 metasploitable3-ub1404 sudo:  vagrant : TTY=tty1 ; PWD=/home/vagrant ; USER=root ; COMMAND=/bin/cat /var/log/syslog
Apr 18 18:06:26 metasploitable3-ub1404 sudo: pam_unix(sudo:session): session opened for user root by vagrant(uid=0)
Apr 18 18:07:09 metasploitable3-ub1404 sudo: pam_unix(sudo:session): session closed for user root
Apr 18 18:08:33 metasploitable3-ub1404 sudo:  vagrant : TTY=tty1 ; PWD=/home/vagrant ; USER=root ; COMMAND=/bin/cat /var/log/auth.log
Apr 18 18:08:33 metasploitable3-ub1404 sudo: pam_unix(sudo:session): session opened for user root by vagrant(uid=0)
Apr 18 18:10:16 metasploitable3-ub1404 sudo:  vagrant : TTY=tty1 ; PWD=/home/vagrant ; USER=root ; COMMAND=/bin/grep Accepted /var/log/auth.log
Apr 18 18:10:16 metasploitable3-ub1404 sudo: pam_unix(sudo:session): session opened for user root by vagrant(uid=0)
Apr 18 18:10:17 metasploitable3-ub1404 sudo: pam_unix(sudo:session): session closed for user root
Apr 18 18:12:44 metasploitable3-ub1404 sudo:  vagrant : TTY=tty1 ; PWD=/home/vagrant ; USER=root ; COMMAND=/bin/cp /var/log/auth.log /home/vagrant/auth.log
Apr 18 18:12:44 metasploitable3-ub1404 sudo: pam_unix(sudo:session): session opened for user root by vagrant(uid=0)
Apr 18 18:12:44 metasploitable3-ub1404 sudo: pam_unix(sudo:session): session closed for user root
Apr 18 18:13:07 metasploitable3-ub1404 sudo:  vagrant : TTY=tty1 ; PWD=/home/vagrant ; USER=root ; COMMAND=/bin/cp /var/log/syslog /home/vagrant/syslog.log
Apr 18 18:13:07 metasploitable3-ub1404 sudo: pam_unix(sudo:session): session opened for user root by vagrant(uid=0)
Apr 18 18:13:07 metasploitable3-ub1404 sudo: pam_unix(sudo:session): session closed for user root
Apr 18 18:17:01 metasploitable3-ub1404 CRON[1969]: pam_unix(cron:session): session opened for user root by (uid=0)
Apr 18 18:17:01 metasploitable3-ub1404 CRON[1969]: pam_unix(cron:session): session closed for user root
Apr 18 18:23:52 metasploitable3-ub1404 sudo:  vagrant : TTY=tty1 ; PWD=/home/vagrant ; USER=root ; COMMAND=/sbin/ifconfig eth0 192.168.52.102 netmask 255.255.255.0 up
Apr 18 18:23:52 metasploitable3-ub1404 sudo: pam_unix(sudo:session): session opened for user root by vagrant(uid=0)
Apr 18 18:23:52 metasploitable3-ub1404 sudo: pam_unix(sudo:session): session closed for user root
Apr 18 18:34:16 metasploitable3-ub1404 sudo:     root : TTY=unknown ; PWD=/ ; USER=chewbacca ; COMMAND=/opt/readme_app/start.sh
Apr 18 18:34:16 metasploitable3-ub1404 sudo: pam_unix(sudo:session): session opened for user chewbacca by (uid=0)
Apr 18 18:34:19 metasploitable3-ub1404 sshd[1469]: Server listening on 0.0.0.0 port 22.
Apr 18 18:34:19 metasploitable3-ub1404 sshd[1469]: Server listening on :: port 22.
Apr 18 18:34:24 metasploitable3-ub1404 su[1570]: Successful su for dirmngr by root
Apr 18 18:34:24 metasploitable3-ub1404 su[1570]: + /dev/console root:dirmngr
Apr 18 18:34:24 metasploitable3-ub1404 su[1570]: pam_unix(su:session): session opened for user dirmngr by (uid=0)
Apr 18 18:34:25 metasploitable3-ub1404 su[1570]: pam_unix(su:session): session closed for user dirmngr
Apr 18 18:34:28 metasploitable3-ub1404 sudo:     root : TTY=unknown ; PWD=/ ; USER=boba_fett ; COMMAND=/opt/unrealircd/Unreal3.2/unreal start
Apr 18 18:34:28 metasploitable3-ub1404 sudo: pam_unix(sudo:session): session opened for user boba_fett by (uid=0)
Apr 18 18:34:30 metasploitable3-ub1404 sudo: pam_unix(sudo:session): session closed for user boba_fett
Apr 18 18:35:49 metasploitable3-ub1404 login[1844]: pam_unix(login:session): session opened for user vagrant by LOGIN(uid=0)
Apr 18 18:39:51 metasploitable3-ub1404 sshd[1945]: Accepted password for vagrant from 192.168.100.6 port 62280 ssh2
Apr 18 18:39:51 metasploitable3-ub1404 sshd[1945]: pam_unix(sshd:session): session opened for user vagrant by (uid=0)
Apr 18 18:39:55 metasploitable3-ub1404 sshd[1963]: Received disconnect from 192.168.100.6: 11: disconnected by user
Apr 18 18:39:55 metasploitable3-ub1404 sshd[1945]: pam_unix(sshd:session): session closed for user vagrant
Apr 18 18:41:27 metasploitable3-ub1404 sudo:  vagrant : TTY=tty1 ; PWD=/home/vagrant ; USER=root ; COMMAND=/bin/cp /var/log/auth.log /home/vagrant
Apr 18 18:41:27 metasploitable3-ub1404 sudo: pam_unix(sudo:session): session opened for user root by vagrant(uid=0)
Apr 18 18:41:27 metasploitable3-ub1404 sudo: pam_unix(sudo:session): session closed for user root
Apr 18 18:41:50 metasploitable3-ub1404 sudo:  vagrant : TTY=tty1 ; PWD=/home/vagrant ; USER=root ; COMMAND=/bin/cp /var/log/syslog /home/vagrant/
Apr 18 18:41:50 metasploitable3-ub1404 sudo: pam_unix(sudo:session): session opened for user root by vagrant(uid=0)
Apr 18 18:41:50 metasploitable3-ub1404 sudo: pam_unix(sudo:session): session closed for user root
Apr 18 18:41:54 metasploitable3-ub1404 sudo:  vagrant : TTY=tty1 ; PWD=/home/vagrant ; USER=root ; COMMAND=/bin/cp /var/log/auth.log /home/vagrant/
Apr 18 18:41:54 metasploitable3-ub1404 sudo: pam_unix(sudo:session): session opened for user root by vagrant(uid=0)
Apr 18 18:41:54 metasploitable3-ub1404 sudo: pam_unix(sudo:session): session closed for user root
Apr 18 18:42:15 metasploitable3-ub1404 sudo:  vagrant : TTY=tty1 ; PWD=/home/vagrant ; USER=root ; COMMAND=/bin/chmod 644 /home/vagrant/auth.log
Apr 18 18:42:15 metasploitable3-ub1404 sudo: pam_unix(sudo:session): session opened for user root by vagrant(uid=0)
Apr 18 18:42:15 metasploitable3-ub1404 sudo: pam_unix(sudo:session): session closed for user root
Apr 18 18:42:25 metasploitable3-ub1404 sudo:  vagrant : TTY=tty1 ; PWD=/home/vagrant ; USER=root ; COMMAND=/bin/chmod 644 /home/vagrant/syslog
Apr 18 18:42:25 metasploitable3-ub1404 sudo: pam_unix(sudo:session): session opened for user root by vagrant(uid=0)
Apr 18 18:42:25 metasploitable3-ub1404 sudo: pam_unix(sudo:session): session closed for user root
Apr 18 18:42:32 metasploitable3-ub1404 sshd[1993]: Accepted password for vagrant from 192.168.100.6 port 62288 ssh2
Apr 18 18:42:32 metasploitable3-ub1404 sshd[1993]: pam_unix(sshd:session): session opened for user vagrant by (uid=0)
Apr 18 18:42:34 metasploitable3-ub1404 sshd[2011]: Received disconnect from 192.168.100.6: 11: disconnected by user
Apr 18 18:42:34 metasploitable3-ub1404 sshd[1993]: pam_unix(sshd:session): session closed for user vagrant
Apr 18 18:43:56 metasploitable3-ub1404 sudo:  vagrant : TTY=tty1 ; PWD=/home/vagrant ; USER=root ; COMMAND=/bin/cp /var/log/syslog /home/vagrant/
Apr 18 18:43:56 metasploitable3-ub1404 sudo: pam_unix(sudo:session): session opened for user root by vagrant(uid=0)
Apr 18 18:43:56 metasploitable3-ub1404 sudo: pam_unix(sudo:session): session closed for user root
Apr 18 18:44:10 metasploitable3-ub1404 sudo:  vagrant : TTY=tty1 ; PWD=/home/vagrant ; USER=root ; COMMAND=/bin/chmod 644 /home/vagrant/syslog
Apr 18 18:44:10 metasploitable3-ub1404 sudo: pam_unix(sudo:session): session opened for user root by vagrant(uid=0)
Apr 18 18:44:10 metasploitable3-ub1404 sudo: pam_unix(sudo:session): session closed for user root
Apr 18 18:44:20 metasploitable3-ub1404 sshd[2017]: Accepted password for vagrant from 192.168.100.6 port 62310 ssh2
Apr 18 18:44:20 metasploitable3-ub1404 sshd[2017]: pam_unix(sshd:session): session opened for user vagrant by (uid=0)
Apr 18 18:44:22 metasploitable3-ub1404 sshd[2036]: Received disconnect from 192.168.100.6: 11: disconnected by user
Apr 18 18:44:22 metasploitable3-ub1404 sshd[2017]: pam_unix(sshd:session): session closed for user vagrant
Apr 18 19:17:01 metasploitable3-ub1404 CRON[2044]: pam_unix(cron:session): session opened for user root by (uid=0)
Apr 18 19:17:01 metasploitable3-ub1404 CRON[2044]: pam_unix(cron:session): session closed for user root
Apr 18 20:17:01 metasploitable3-ub1404 CRON[2061]: pam_unix(cron:session): session opened for user root by (uid=0)
Apr 18 20:17:02 metasploitable3-ub1404 CRON[2061]: pam_unix(cron:session): session closed for user root
Apr 18 21:08:36 metasploitable3-ub1404 sudo:  vagrant : TTY=tty1 ; PWD=/home/vagrant ; USER=root ; COMMAND=/bin/cat /var/log/auth.log
Apr 18 21:08:36 metasploitable3-ub1404 sudo: pam_unix(sudo:session): session opened for user root by vagrant(uid=0)
Apr 18 21:08:36 metasploitable3-ub1404 sudo: pam_unix(sudo:session): session closed for user root
Apr 18 21:17:01 metasploitable3-ub1404 CRON[2085]: pam_unix(cron:session): session opened for user root by (uid=0)
Apr 18 21:17:01 metasploitable3-ub1404 CRON[2085]: pam_unix(cron:session): session closed for user root
Apr 18 21:20:18 metasploitable3-ub1404 sudo:  vagrant : TTY=tty1 ; PWD=/home/vagrant ; USER=root ; COMMAND=/sbin/ifconfig eth0 192.168.52.102 netmask 255.255.255.0
Apr 18 21:20:18 metasploitable3-ub1404 sudo: pam_unix(sudo:session): session opened for user root by vagrant(uid=0)
Apr 18 21:20:18 metasploitable3-ub1404 sudo: pam_unix(sudo:session): session closed for user root
Apr 18 21:20:23 metasploitable3-ub1404 sudo:  vagrant : TTY=tty1 ; PWD=/home/vagrant ; USER=root ; COMMAND=/sbin/ifconfig eth0 192.168.52.102 netmask 255.255.255.0 up
Apr 18 21:20:23 metasploitable3-ub1404 sudo: pam_unix(sudo:session): session opened for user root by vagrant(uid=0)
Apr 18 21:20:23 metasploitable3-ub1404 sudo: pam_unix(sudo:session): session closed for user root
Apr 18 21:23:04 metasploitable3-ub1404 sshd[2105]: Accepted password for vagrant from 192.168.52.101 port 39335 ssh2
Apr 18 21:23:04 metasploitable3-ub1404 sshd[2105]: pam_unix(sshd:session): session opened for user vagrant by (uid=0)
Apr 18 21:28:16 metasploitable3-ub1404 sudo:  vagrant : TTY=tty1 ; PWD=/home/vagrant ; USER=root ; COMMAND=/bin/cp /var/log/auth.log /home/vagrant/ics344_logs/auth.log
Apr 18 21:28:16 metasploitable3-ub1404 sudo: pam_unix(sudo:session): session opened for user root by vagrant(uid=0)
Apr 18 21:28:16 metasploitable3-ub1404 sudo: pam_unix(sudo:session): session closed for user root
Apr 18 21:28:52 metasploitable3-ub1404 sudo:  vagrant : TTY=tty1 ; PWD=/home/vagrant ; USER=root ; COMMAND=/bin/cp /var/log/syslog /home/vagrant/ics344_logs/syslog.log
Apr 18 21:28:52 metasploitable3-ub1404 sudo: pam_unix(sudo:session): session opened for user root by vagrant(uid=0)
Apr 18 21:28:52 metasploitable3-ub1404 sudo: pam_unix(sudo:session): session closed for user root
Apr 18 21:37:08 metasploitable3-ub1404 sudo:  vagrant : TTY=tty1 ; PWD=/home/vagrant ; USER=root ; COMMAND=/sbin/ifconfig bridge102 192.168.52.10 netmask 255.255.255.0 up
Apr 18 21:37:08 metasploitable3-ub1404 sudo: pam_unix(sudo:session): session opened for user root by vagrant(uid=0)
Apr 18 21:37:08 metasploitable3-ub1404 sudo: pam_unix(sudo:session): session closed for user root
Apr 18 21:39:51 metasploitable3-ub1404 sudo:  vagrant : TTY=tty1 ; PWD=/home/vagrant ; USER=root ; COMMAND=/sbin/ifconfig bridge102 192.168.52.10 netmask 255.255.255.0 up
Apr 18 21:39:51 metasploitable3-ub1404 sudo: pam_unix(sudo:session): session opened for user root by vagrant(uid=0)
Apr 18 21:39:52 metasploitable3-ub1404 sudo: pam_unix(sudo:session): session closed for user root
Apr 18 21:43:16 metasploitable3-ub1404 sudo:  vagrant : TTY=tty1 ; PWD=/home/vagrant ; USER=root ; COMMAND=/sbin/ifconfig eth0 up
Apr 18 21:43:16 metasploitable3-ub1404 sudo: pam_unix(sudo:session): session opened for user root by vagrant(uid=0)
Apr 18 21:43:16 metasploitable3-ub1404 sudo: pam_unix(sudo:session): session closed for user root
Apr 18 21:49:50 metasploitable3-ub1404 sudo:  vagrant : TTY=tty1 ; PWD=/home/vagrant ; USER=root ; COMMAND=/usr/bin/scp /home/vagrant/ics344_logs/auth.log /home/vagrant/ics344_logs/dmesg.log /home/vagrant/ics344_logs/home_listing.log /home/vagrant/ics344_logs/last.log /home/vagrant/ics344_logs/syslog.log /home/vagrant/ics344_logs/who.log alrdiha-almajwed@192.168.52.101:/home/alrdiha-almajwed/victim_logs/
Apr 18 21:49:50 metasploitable3-ub1404 sudo: pam_unix(sudo:session): session opened for user root by vagrant(uid=0)
Apr 18 21:50:04 metasploitable3-ub1404 sudo: pam_unix(sudo:session): session closed for user root
Apr 18 21:52:14 metasploitable3-ub1404 sudo:  vagrant : TTY=tty1 ; PWD=/home/vagrant ; USER=root ; COMMAND=/bin/cat /var/log/auth.log
Apr 18 21:52:14 metasploitable3-ub1404 sudo: pam_unix(sudo:session): session opened for user root by vagrant(uid=0)
Apr 18 21:52:14 metasploitable3-ub1404 sudo: pam_unix(sudo:session): session closed for user root
Apr 18 22:17:01 metasploitable3-ub1404 CRON[2222]: pam_unix(cron:session): session opened for user root by (uid=0)
Apr 18 22:17:01 metasploitable3-ub1404 CRON[2222]: pam_unix(cron:session): session closed for user root
Apr 18 23:17:01 metasploitable3-ub1404 CRON[2242]: pam_unix(cron:session): session opened for user root by (uid=0)
Apr 18 23:17:01 metasploitable3-ub1404 CRON[2242]: pam_unix(cron:session): session closed for user root
Apr 18 23:34:37 metasploitable3-ub1404 sshd[2105]: pam_unix(sshd:session): session closed for user vagrant
Apr 19 00:17:01 metasploitable3-ub1404 CRON[2260]: pam_unix(cron:session): session opened for user root by (uid=0)
Apr 19 00:17:01 metasploitable3-ub1404 CRON[2260]: pam_unix(cron:session): session closed for user root
Apr 19 01:17:02 metasploitable3-ub1404 CRON[2280]: pam_unix(cron:session): session opened for user root by (uid=0)
Apr 19 01:17:02 metasploitable3-ub1404 CRON[2280]: pam_unix(cron:session): session closed for user root
Apr 19 02:17:01 metasploitable3-ub1404 CRON[2298]: pam_unix(cron:session): session opened for user root by (uid=0)
Apr 19 02:17:01 metasploitable3-ub1404 CRON[2298]: pam_unix(cron:session): session closed for user root
Apr 19 03:17:01 metasploitable3-ub1404 CRON[2318]: pam_unix(cron:session): session opened for user root by (uid=0)
Apr 19 03:17:01 metasploitable3-ub1404 CRON[2318]: pam_unix(cron:session): session closed for user root
Apr 19 04:17:01 metasploitable3-ub1404 CRON[2340]: pam_unix(cron:session): session opened for user root by (uid=0)
Apr 19 04:17:01 metasploitable3-ub1404 CRON[2340]: pam_unix(cron:session): session closed for user root
Apr 19 05:17:01 metasploitable3-ub1404 CRON[2357]: pam_unix(cron:session): session opened for user root by (uid=0)
Apr 19 05:17:01 metasploitable3-ub1404 CRON[2357]: pam_unix(cron:session): session closed for user root
Apr 19 06:17:01 metasploitable3-ub1404 CRON[2376]: pam_unix(cron:session): session opened for user root by (uid=0)
Apr 19 06:17:02 metasploitable3-ub1404 CRON[2376]: pam_unix(cron:session): session closed for user root
Apr 19 06:25:01 metasploitable3-ub1404 CRON[2382]: pam_unix(cron:session): session opened for user root by (uid=0)
Apr 19 06:48:35 metasploitable3-ub1404 CRON[2382]: pam_unix(cron:session): session closed for user root
Apr 19 07:17:01 metasploitable3-ub1404 CRON[2672]: pam_unix(cron:session): session opened for user root by (uid=0)
Apr 19 07:17:01 metasploitable3-ub1404 CRON[2672]: pam_unix(cron:session): session closed for user root
Apr 19 08:17:01 metasploitable3-ub1404 CRON[2692]: pam_unix(cron:session): session opened for user root by (uid=0)
Apr 19 08:17:02 metasploitable3-ub1404 CRON[2692]: pam_unix(cron:session): session closed for user root
                                                                                                                                                                                                                           Apr 24 17:58:28 metasploitable3-ub1404 sudo:     root : TTY=unknown ; PWD=/ ; USER=chewbacca ; COMMAND=/opt/readme_app/start.sh
Apr 24 17:58:28 metasploitable3-ub1404 sudo: pam_unix(sudo:session): session opened for user chewbacca by (uid=0)
Apr 24 17:58:30 metasploitable3-ub1404 sshd[1031]: Server listening on 0.0.0.0 port 22.
Apr 24 17:58:30 metasploitable3-ub1404 sshd[1031]: Server listening on :: port 22.
Apr 24 17:58:35 metasploitable3-ub1404 su[1132]: Successful su for dirmngr by root
Apr 24 17:58:35 metasploitable3-ub1404 su[1132]: + /dev/console root:dirmngr
Apr 24 17:58:36 metasploitable3-ub1404 su[1132]: pam_unix(su:session): session opened for user dirmngr by (uid=0)
Apr 24 17:58:36 metasploitable3-ub1404 su[1132]: pam_unix(su:session): session closed for user dirmngr
Apr 24 17:58:39 metasploitable3-ub1404 sudo:     root : TTY=unknown ; PWD=/ ; USER=boba_fett ; COMMAND=/opt/unrealircd/Unreal3.2/unreal start
Apr 24 17:58:39 metasploitable3-ub1404 sudo: pam_unix(sudo:session): session opened for user boba_fett by (uid=0)
Apr 24 17:58:41 metasploitable3-ub1404 sudo: pam_unix(sudo:session): session closed for user boba_fett
Apr 24 18:00:30 metasploitable3-ub1404 login[1432]: pam_unix(login:auth): authentication failure; logname=LOGIN uid=0 euid=0 tty=/dev/tty1 ruser= rhost=  user=vagrant
Apr 24 18:00:32 metasploitable3-ub1404 login[1432]: FAILED LOGIN (1) on '/dev/tty1' FOR 'vagrant', Authentication failure
Apr 24 18:00:37 metasploitable3-ub1404 login[1432]: pam_unix(login:auth): check pass; user unknown
Apr 24 18:00:37 metasploitable3-ub1404 login[1432]: pam_unix(login:auth): authentication failure; logname=LOGIN uid=0 euid=0 tty=/dev/tty1 ruser= rhost= 
Apr 24 18:00:40 metasploitable3-ub1404 login[1432]: FAILED LOGIN (2) on '/dev/tty1' FOR 'UNKNOWN', Authentication failure
Apr 24 18:00:46 metasploitable3-ub1404 login[1432]: pam_unix(login:session): session opened for user vagrant by LOGIN(uid=0)
Apr 24 18:01:24 metasploitable3-ub1404 sshd[1031]: Received signal 15; terminating.
Apr 24 18:01:24 metasploitable3-ub1404 sshd[1608]: Server listening on 0.0.0.0 port 22.
Apr 24 18:01:24 metasploitable3-ub1404 sshd[1608]: Server listening on :: port 22.
Apr 24 18:11:16 metasploitable3-ub1404 sudo:  vagrant : TTY=tty1 ; PWD=/home/vagrant ; USER=root ; COMMAND=/sbin/ip addr add 192.168.52.102/24 dev eth0
Apr 24 18:11:16 metasploitable3-ub1404 sudo: pam_unix(sudo:session): session opened for user root by vagrant(uid=0)
Apr 24 18:11:16 metasploitable3-ub1404 sudo: pam_unix(sudo:session): session closed for user root
Apr 24 18:11:16 metasploitable3-ub1404 sudo:  vagrant : TTY=tty1 ; PWD=/home/vagrant ; USER=root ; COMMAND=/sbin/ip route add default via 192.168.52.1
Apr 24 18:11:16 metasploitable3-ub1404 sudo: pam_unix(sudo:session): session opened for user root by vagrant(uid=0)
Apr 24 18:11:16 metasploitable3-ub1404 sudo: pam_unix(sudo:session): session closed for user root
Apr 24 18:15:00 metasploitable3-ub1404 sshd[1932]: pam_unix(sshd:auth): authentication failure; logname= uid=0 euid=0 tty=ssh ruser= rhost=192.168.52.101  user=vagrant
Apr 24 18:15:02 metasploitable3-ub1404 sshd[1932]: Failed password for vagrant from 192.168.52.101 port 45417 ssh2
Apr 24 18:15:02 metasploitable3-ub1404 sshd[1932]: Connection closed by 192.168.52.101 [preauth]
Apr 24 18:15:03 metasploitable3-ub1404 sshd[1934]: pam_unix(sshd:auth): authentication failure; logname= uid=0 euid=0 tty=ssh ruser= rhost=192.168.52.101  user=vagrant
Apr 24 18:15:05 metasploitable3-ub1404 sshd[1934]: Failed password for vagrant from 192.168.52.101 port 45995 ssh2
Apr 24 18:15:05 metasploitable3-ub1404 sshd[1934]: Connection closed by 192.168.52.101 [preauth]
Apr 24 18:15:05 metasploitable3-ub1404 sshd[1936]: pam_unix(sshd:auth): authentication failure; logname= uid=0 euid=0 tty=ssh ruser= rhost=192.168.52.101  user=vagrant
Apr 24 18:15:07 metasploitable3-ub1404 sshd[1936]: Failed password for vagrant from 192.168.52.101 port 37329 ssh2
Apr 24 18:15:07 metasploitable3-ub1404 sshd[1936]: Connection closed by 192.168.52.101 [preauth]
Apr 24 18:15:07 metasploitable3-ub1404 sshd[1938]: pam_unix(sshd:auth): authentication failure; logname= uid=0 euid=0 tty=ssh ruser= rhost=192.168.52.101  user=vagrant
Apr 24 18:15:09 metasploitable3-ub1404 sshd[1938]: Failed password for vagrant from 192.168.52.101 port 33589 ssh2
Apr 24 18:15:09 metasploitable3-ub1404 sshd[1938]: Connection closed by 192.168.52.101 [preauth]
Apr 24 18:15:09 metasploitable3-ub1404 sshd[1940]: pam_unix(sshd:auth): authentication failure; logname= uid=0 euid=0 tty=ssh ruser= rhost=192.168.52.101  user=vagrant
Apr 24 18:15:11 metasploitable3-ub1404 sshd[1940]: Failed password for vagrant from 192.168.52.101 port 43307 ssh2
Apr 24 18:15:11 metasploitable3-ub1404 sshd[1940]: Connection closed by 192.168.52.101 [preauth]
Apr 24 18:15:11 metasploitable3-ub1404 sshd[1942]: pam_unix(sshd:auth): authentication failure; logname= uid=0 euid=0 tty=ssh ruser= rhost=192.168.52.101  user=vagrant
Apr 24 18:15:14 metasploitable3-ub1404 sshd[1942]: Failed password for vagrant from 192.168.52.101 port 36629 ssh2
Apr 24 18:15:14 metasploitable3-ub1404 sshd[1942]: Connection closed by 192.168.52.101 [preauth]
Apr 24 18:15:14 metasploitable3-ub1404 sshd[1944]: pam_unix(sshd:auth): authentication failure; logname= uid=0 euid=0 tty=ssh ruser= rhost=192.168.52.101  user=vagrant
Apr 24 18:15:16 metasploitable3-ub1404 sshd[1944]: Failed password for vagrant from 192.168.52.101 port 40641 ssh2
Apr 24 18:15:16 metasploitable3-ub1404 sshd[1944]: Connection closed by 192.168.52.101 [preauth]
Apr 24 18:15:17 metasploitable3-ub1404 sshd[1946]: Accepted password for vagrant from 192.168.52.101 port 37641 ssh2
Apr 24 18:15:17 metasploitable3-ub1404 sshd[1946]: pam_unix(sshd:session): session opened for user vagrant by (uid=0)
Apr 24 18:17:01 metasploitable3-ub1404 CRON[1973]: pam_unix(cron:session): session opened for user root by (uid=0)
Apr 24 18:17:01 metasploitable3-ub1404 CRON[1973]: pam_unix(cron:session): session closed for user root
Apr 24 18:43:53 metasploitable3-ub1404 sshd[2002]: pam_unix(sshd:auth): authentication failure; logname= uid=0 euid=0 tty=ssh ruser= rhost=192.168.52.101  user=vagrant
Apr 24 18:43:55 metasploitable3-ub1404 sshd[2002]: Failed password for vagrant from 192.168.52.101 port 36186 ssh2
Apr 24 18:43:55 metasploitable3-ub1404 sshd[2002]: Connection closed by 192.168.52.101 [preauth]
Apr 24 18:43:55 metasploitable3-ub1404 sshd[2004]: pam_unix(sshd:auth): authentication failure; logname= uid=0 euid=0 tty=ssh ruser= rhost=192.168.52.101  user=vagrant
Apr 24 18:43:57 metasploitable3-ub1404 sshd[2004]: Failed password for vagrant from 192.168.52.101 port 36202 ssh2
Apr 24 18:43:57 metasploitable3-ub1404 sshd[2004]: Connection closed by 192.168.52.101 [preauth]
Apr 24 18:43:57 metasploitable3-ub1404 sshd[2006]: pam_unix(sshd:auth): authentication failure; logname= uid=0 euid=0 tty=ssh ruser= rhost=192.168.52.101  user=vagrant
Apr 24 18:43:59 metasploitable3-ub1404 sshd[2006]: Failed password for vagrant from 192.168.52.101 port 54896 ssh2
Apr 24 18:43:59 metasploitable3-ub1404 sshd[2006]: Connection closed by 192.168.52.101 [preauth]
Apr 24 18:44:00 metasploitable3-ub1404 sshd[2008]: pam_unix(sshd:auth): authentication failure; logname= uid=0 euid=0 tty=ssh ruser= rhost=192.168.52.101  user=vagrant
Apr 24 18:44:02 metasploitable3-ub1404 sshd[2008]: Failed password for vagrant from 192.168.52.101 port 54904 ssh2
Apr 24 18:44:02 metasploitable3-ub1404 sshd[2008]: Connection closed by 192.168.52.101 [preauth]
Apr 24 18:44:02 metasploitable3-ub1404 sshd[2010]: pam_unix(sshd:auth): authentication failure; logname= uid=0 euid=0 tty=ssh ruser= rhost=192.168.52.101  user=vagrant
Apr 24 18:44:04 metasploitable3-ub1404 sshd[2010]: Failed password for vagrant from 192.168.52.101 port 54912 ssh2
Apr 24 18:44:04 metasploitable3-ub1404 sshd[2010]: Connection closed by 192.168.52.101 [preauth]
Apr 24 18:44:05 metasploitable3-ub1404 sshd[2012]: Accepted password for vagrant from 192.168.52.101 port 54924 ssh2
Apr 24 18:44:05 metasploitable3-ub1404 sshd[2012]: pam_unix(sshd:session): session opened for user vagrant by (uid=0)
Apr 24 18:44:06 metasploitable3-ub1404 sshd[2030]: Received disconnect from 192.168.52.101: 11: disconnected by user
Apr 24 18:44:06 metasploitable3-ub1404 sshd[2012]: pam_unix(sshd:session): session closed for user vagrant
Apr 24 18:50:08 metasploitable3-ub1404 sshd[2042]: pam_unix(sshd:auth): authentication failure; logname= uid=0 euid=0 tty=ssh ruser= rhost=192.168.52.101  user=vagrant
Apr 24 18:50:10 metasploitable3-ub1404 sshd[2042]: Failed password for vagrant from 192.168.52.101 port 38179 ssh2
Apr 24 18:50:10 metasploitable3-ub1404 sshd[2042]: Connection closed by 192.168.52.101 [preauth]
Apr 24 18:50:10 metasploitable3-ub1404 sshd[2044]: pam_unix(sshd:auth): authentication failure; logname= uid=0 euid=0 tty=ssh ruser= rhost=192.168.52.101  user=vagrant
Apr 24 18:50:11 metasploitable3-ub1404 sshd[2044]: Failed password for vagrant from 192.168.52.101 port 41063 ssh2
Apr 24 18:50:11 metasploitable3-ub1404 sshd[2044]: Connection closed by 192.168.52.101 [preauth]
Apr 24 18:50:11 metasploitable3-ub1404 sshd[2046]: pam_unix(sshd:auth): authentication failure; logname= uid=0 euid=0 tty=ssh ruser= rhost=192.168.52.101  user=vagrant
Apr 24 18:50:13 metasploitable3-ub1404 sshd[2046]: Failed password for vagrant from 192.168.52.101 port 34325 ssh2
Apr 24 18:50:13 metasploitable3-ub1404 sshd[2046]: Connection closed by 192.168.52.101 [preauth]
Apr 24 18:50:13 metasploitable3-ub1404 sshd[2048]: pam_unix(sshd:auth): authentication failure; logname= uid=0 euid=0 tty=ssh ruser= rhost=192.168.52.101  user=vagrant
Apr 24 18:50:15 metasploitable3-ub1404 sshd[2048]: Failed password for vagrant from 192.168.52.101 port 33309 ssh2
Apr 24 18:50:15 metasploitable3-ub1404 sshd[2048]: Connection closed by 192.168.52.101 [preauth]
Apr 24 18:50:16 metasploitable3-ub1404 sshd[2050]: pam_unix(sshd:auth): authentication failure; logname= uid=0 euid=0 tty=ssh ruser= rhost=192.168.52.101  user=vagrant
Apr 24 18:50:17 metasploitable3-ub1404 sshd[2050]: Failed password for vagrant from 192.168.52.101 port 39159 ssh2
Apr 24 18:50:17 metasploitable3-ub1404 sshd[2050]: Connection closed by 192.168.52.101 [preauth]
Apr 24 18:50:18 metasploitable3-ub1404 sshd[2052]: pam_unix(sshd:auth): authentication failure; logname= uid=0 euid=0 tty=ssh ruser= rhost=192.168.52.101  user=vagrant
Apr 24 18:50:19 metasploitable3-ub1404 sshd[2052]: Failed password for vagrant from 192.168.52.101 port 43117 ssh2
Apr 24 18:50:19 metasploitable3-ub1404 sshd[2052]: Connection closed by 192.168.52.101 [preauth]
Apr 24 18:50:20 metasploitable3-ub1404 sshd[2054]: pam_unix(sshd:auth): authentication failure; logname= uid=0 euid=0 tty=ssh ruser= rhost=192.168.52.101  user=vagrant
Apr 24 18:50:21 metasploitable3-ub1404 sshd[2054]: Failed password for vagrant from 192.168.52.101 port 43643 ssh2
Apr 24 18:50:21 metasploitable3-ub1404 sshd[2054]: Connection closed by 192.168.52.101 [preauth]
Apr 24 18:50:22 metasploitable3-ub1404 sshd[2056]: Accepted password for vagrant from 192.168.52.101 port 39707 ssh2
Apr 24 18:50:22 metasploitable3-ub1404 sshd[2056]: pam_unix(sshd:session): session opened for user vagrant by (uid=0)
Apr 24 18:52:00 metasploitable3-ub1404 sudo:  vagrant : TTY=tty1 ; PWD=/home/vagrant ; USER=root ; COMMAND=/bin/cat /var/login/auth.log
Apr 24 18:52:00 metasploitable3-ub1404 sudo: pam_unix(sudo:session): session opened for user root by vagrant(uid=0)
Apr 24 18:52:00 metasploitable3-ub1404 sudo: pam_unix(sudo:session): session closed for user root
Apr 24 18:52:07 metasploitable3-ub1404 sudo:  vagrant : TTY=tty1 ; PWD=/home/vagrant ; USER=root ; COMMAND=/bin/cat /var/log/auth.log
Apr 24 18:52:07 metasploitable3-ub1404 sudo: pam_unix(sudo:session): session opened for user root by vagrant(uid=0)
Apr 24 18:52:07 metasploitable3-ub1404 sudo: pam_unix(sudo:session): session closed for user root
Apr 24 18:57:04 metasploitable3-ub1404 sshd[2092]: Accepted password for vagrant from 192.168.52.102 port 37300 ssh2
Apr 24 18:57:04 metasploitable3-ub1404 sshd[2092]: pam_unix(sshd:session): session opened for user vagrant by (uid=0)
Apr 24 18:57:04 metasploitable3-ub1404 sshd[2110]: Received disconnect from 192.168.52.102: 11: disconnected by user
Apr 24 18:57:04 metasploitable3-ub1404 sshd[2092]: pam_unix(sshd:session): session closed for user vagrant
Apr 24 18:57:14 metasploitable3-ub1404 sudo:  vagrant : TTY=tty1 ; PWD=/home/vagrant ; USER=root ; COMMAND=/usr/bin/scp vagrant@192.168.52.102:/var/log/auth.log /Users/alredhaalmajed/Desktop/
Apr 24 18:57:14 metasploitable3-ub1404 sudo: pam_unix(sudo:session): session opened for user root by vagrant(uid=0)
Apr 24 18:57:19 metasploitable3-ub1404 sshd[2115]: Accepted password for vagrant from 192.168.52.102 port 37301 ssh2
Apr 24 18:57:19 metasploitable3-ub1404 sshd[2115]: pam_unix(sshd:session): session opened for user vagrant by (uid=0)
Apr 24 18:57:20 metasploitable3-ub1404 sshd[2134]: Received disconnect from 192.168.52.102: 11: disconnected by user
Apr 24 18:57:20 metasploitable3-ub1404 sshd[2115]: pam_unix(sshd:session): session closed for user vagrant
Apr 24 18:57:20 metasploitable3-ub1404 sudo: pam_unix(sudo:session): session closed for user root
Apr 24 19:02:24 metasploitable3-ub1404 sudo:  vagrant : TTY=tty1 ; PWD=/home/vagrant ; USER=root ; COMMAND=/bin/mkdir /home/vagrant/logs
Apr 24 19:02:24 metasploitable3-ub1404 sudo: pam_unix(sudo:session): session opened for user root by vagrant(uid=0)
Apr 24 19:02:24 metasploitable3-ub1404 sudo: pam_unix(sudo:session): session closed for user root
Apr 24 19:02:24 metasploitable3-ub1404 sudo:  vagrant : TTY=tty1 ; PWD=/home/vagrant ; USER=root ; COMMAND=/bin/cp /var/log/auth.log /var/log/syslog /var/log/message /home/vagrant/logs
Apr 24 19:02:24 metasploitable3-ub1404 sudo: pam_unix(sudo:session): session opened for user root by vagrant(uid=0)
Apr 24 19:02:24 metasploitable3-ub1404 sudo: pam_unix(sudo:session): session closed for user root
Apr 24 19:02:40 metasploitable3-ub1404 sudo:  vagrant : TTY=tty1 ; PWD=/home/vagrant ; USER=root ; COMMAND=/bin/mkdir /home/vagrant/logs
Apr 24 19:02:40 metasploitable3-ub1404 sudo: pam_unix(sudo:session): session opened for user root by vagrant(uid=0)
Apr 24 19:02:40 metasploitable3-ub1404 sudo: pam_unix(sudo:session): session closed for user root
Apr 24 19:03:31 metasploitable3-ub1404 sudo:  vagrant : TTY=tty1 ; PWD=/home/vagrant ; USER=root ; COMMAND=/bin/cp /var/log/auth.log /var/log/syslog /var/log/messages /home/vagrant/logs
Apr 24 19:03:31 metasploitable3-ub1404 sudo: pam_unix(sudo:session): session opened for user root by vagrant(uid=0)
Apr 24 19:03:31 metasploitable3-ub1404 sudo: pam_unix(sudo:session): session closed for user root
Apr 24 19:04:14 metasploitable3-ub1404 sudo:  vagrant : TTY=tty1 ; PWD=/home/vagrant ; USER=root ; COMMAND=/bin/cp /var/log/auth.log /var/log/syslog /var/log/messages /home/vagrant/logs
Apr 24 19:04:14 metasploitable3-ub1404 sudo: pam_unix(sudo:session): session opened for user root by vagrant(uid=0)
Apr 24 19:04:14 metasploitable3-ub1404 sudo: pam_unix(sudo:session): session closed for user root
Apr 24 19:05:40 metasploitable3-ub1404 sudo:  vagrant : TTY=tty1 ; PWD=/home/vagrant ; USER=root ; COMMAND=/bin/cp /var/log/auth.log /home/vagrant/logs/
Apr 24 19:05:40 metasploitable3-ub1404 sudo: pam_unix(sudo:session): session opened for user root by vagrant(uid=0)
